---
source: example/src/arithmetic.rs
expression: "grammar::Expression::parse(\"1a\")"
---
ParseResult {
    result: Some(
        Number(
            1,
        ),
    ),
    errors: [
        ParseError {
            node_position: Position {
                bytes: 1..2,
                start: Point {
                    line: 1,
                    column: 2,
                },
                end: Point {
                    line: 1,
                    column: 3,
                },
            },
            error_position: Position {
                bytes: 1..2,
                start: Point {
                    line: 1,
                    column: 2,
                },
                end: Point {
                    line: 1,
                    column: 3,
                },
            },
            lookaheads: [
                "_Whitespace__whitespace",
                "Expression_Sub_1",
                "Expression_Mul_1",
            ],
            reason: Error,
        },
    ],
}
