---
source: example/src/optionals.rs
expression: "grammar::Language::parse(\"1_2.\")"
---
ParseResult {
    result: Some(
        Language {
            v: Some(
                Number {
                    v: 1,
                },
            ),
            _s: (),
            t: Spanned {
                value: Some(
                    Number {
                        v: 2,
                    },
                ),
                position: Position {
                    bytes: 3..4,
                    start: Point {
                        line: 1,
                        column: 4,
                    },
                    end: Point {
                        line: 1,
                        column: 5,
                    },
                },
            },
            _d: Some(
                (),
            ),
        },
    ),
    errors: [],
}
