---
source: example/src/optionals.rs
expression: "grammar::parse(\"1_.\")"
---
Ok(
    Language {
        v: Some(
            1,
        ),
        _s: (),
        t: Spanned {
            value: None,
            byte_span: (
                2,
                2,
            ),
            line_span: (
                Point {
                    line: 1,
                    column: 3,
                },
                Point {
                    line: 1,
                    column: 3,
                },
            ),
        },
        _d: Some(
            (),
        ),
    },
)
