---
source: example/src/arithmetic.rs
expression: "grammar::Expression::parse(\"1a\")"
---
Err(
    [
        ParseError {
            reason: FailedNode(
                [
                    ParseError {
                        reason: UnexpectedToken(
                            "a",
                        ),
                        start_byte: 1,
                        end_byte: 2,
                        start_point: Point {
                            line: 1,
                            column: 2,
                        },
                        end_point: Point {
                            line: 1,
                            column: 3,
                        },
                        text: "a",
                        kind: "ERROR",
                        parent_context: Some(
                            ParentContext {
                                kind: "ERROR",
                            },
                        ),
                    },
                ],
            ),
            start_byte: 1,
            end_byte: 2,
            start_point: Point {
                line: 1,
                column: 2,
            },
            end_point: Point {
                line: 1,
                column: 3,
            },
            text: "a",
            kind: "ERROR",
            parent_context: Some(
                ParentContext {
                    kind: "source_file",
                },
            ),
        },
    ],
)
