---
source: example/src/repetitions.rs
expression: "grammar2::parse(\"\")"
---
Ok(
    NumberList {
        numbers: Spanned {
            value: [],
            byte_span: (
                0,
                0,
            ),
            line_span: (
                Point {
                    line: 0,
                    column: 0,
                },
                Point {
                    line: 0,
                    column: 0,
                },
            ),
        },
    },
)
