---
source: tool/src/lib.rs
expression: grammar
---
{"name":"NumberList","word":null,"rules":{"source_file":{"type":"SEQ","members":[{"type":"CHOICE","members":[{"type":"BLANK"},{"type":"FIELD","name":"numbers","content":{"type":"SYMBOL","name":"List_NumberList_numbers"}}]}]},"List_NumberList_numbers":{"type":"SEQ","members":[{"type":"FIELD","name":"NumberList_numbers_element","content":{"type":"SYMBOL","name":"Number"}},{"type":"REPEAT","content":{"type":"SEQ","members":[{"type":"STRING","value":","},{"type":"FIELD","name":"NumberList_numbers_element","content":{"type":"SYMBOL","name":"Number"}}]}}]},"NumberList":{"type":"SEQ","members":[{"type":"CHOICE","members":[{"type":"BLANK"},{"type":"FIELD","name":"numbers","content":{"type":"SYMBOL","name":"List_NumberList_numbers"}}]}]},"Number":{"type":"SEQ","members":[{"type":"FIELD","name":"v","content":{"type":"PATTERN","value":"\\d+"}}]}},"extras":[{"type":"PATTERN","value":"\\s"}]}
