---
source: macro/src/lib.rs
expression: "rustfmt_code(&expand_grammar(parse_quote!\n{\n    mod grammar\n    {\n        #[derive(rust_sitter::Rule)] #[language] pub struct NumberList\n        { numbers: Vec<Number>, } #[derive(rust_sitter::Rule)] pub struct\n        Number { #[leaf(re(r\"\\d+\"))] v: i32 } #[derive(rust_sitter::Rule)]\n        #[extra] struct Whitespace\n        { #[leaf(pattern(r\"\\s\"))] _whitespace: (), }\n    }\n}).to_token_stream().to_string())"
---
mod grammar {
    impl ::rust_sitter::rule::Language for NumberList {
        fn produce_grammar() -> String {
            String::new()
        }
        fn language() -> ::rust_sitter::tree_sitter::Language {
            unsafe extern "C" {
                fn tree_sitter_NumberList() -> ::rust_sitter::tree_sitter::Language;
            }
            unsafe { tree_sitter_NumberList() }
        }
        #[doc = r" Parse an input string according to the grammar. Returns either any parsing errors that happened, or a"]
        #[doc = "[`NumberList`]"]
        #[doc = r" instance containing the parsed structured data."]
        fn parse(input: &str) -> ::rust_sitter::ParseResult<Self> {
            ::rust_sitter::__private::parse(input, Self::language)
        }
    }
    impl ::rust_sitter::Extract<NumberList> for NumberList {
        type LeafFn<'a> = ();
        #[allow(non_snake_case)]
        fn extract<'a, 'tree>(
            ctx: &mut ::rust_sitter::extract::ExtractContext<'_>,
            node: Option<::rust_sitter::tree_sitter::Node<'tree>>,
            source: &[u8],
            _leaf_fn: Option<Self::LeafFn<'a>>,
        ) -> Result<Self, ::rust_sitter::extract::ExtractError<'tree>> {
            let node = node.ok_or_else(|| {
                ::rust_sitter::error::ExtractError::missing_node(ctx, stringify!(NumberList))
            })?;
            ::rust_sitter::__private::extract_struct_or_variant(node, move |state| {
                Ok(NumberList {
                    numbers: {
                        ::rust_sitter::__private::extract_field::<Vec<Number>, _>(
                            state, source, "numbers", None,
                        )
                    }?,
                })
            })
        }
    }
    impl ::rust_sitter::rule::Rule<NumberList> for NumberList {
        fn produce_ast() -> String {
            String::new()
        }
        fn rule_name() -> &'static str {
            "NumberList"
        }
    }
    impl ::rust_sitter::Extract<Number> for Number {
        type LeafFn<'a> = ();
        #[allow(non_snake_case)]
        fn extract<'a, 'tree>(
            ctx: &mut ::rust_sitter::extract::ExtractContext<'_>,
            node: Option<::rust_sitter::tree_sitter::Node<'tree>>,
            source: &[u8],
            _leaf_fn: Option<Self::LeafFn<'a>>,
        ) -> Result<Self, ::rust_sitter::extract::ExtractError<'tree>> {
            let node = node.ok_or_else(|| {
                ::rust_sitter::error::ExtractError::missing_node(ctx, stringify!(Number))
            })?;
            ::rust_sitter::__private::extract_struct_or_variant(node, move |state| {
                Ok(Number {
                    v: {
                        ::rust_sitter::__private::extract_field::<i32, _>(state, source, "v", None)
                    }?,
                })
            })
        }
    }
    impl ::rust_sitter::rule::Rule<Number> for Number {
        fn produce_ast() -> String {
            String::new()
        }
        fn rule_name() -> &'static str {
            "Number"
        }
    }
    impl ::rust_sitter::Extract<Whitespace> for Whitespace {
        type LeafFn<'a> = ();
        #[allow(non_snake_case)]
        fn extract<'a, 'tree>(
            ctx: &mut ::rust_sitter::extract::ExtractContext<'_>,
            node: Option<::rust_sitter::tree_sitter::Node<'tree>>,
            source: &[u8],
            _leaf_fn: Option<Self::LeafFn<'a>>,
        ) -> Result<Self, ::rust_sitter::extract::ExtractError<'tree>> {
            let node = node.ok_or_else(|| {
                ::rust_sitter::error::ExtractError::missing_node(ctx, stringify!(Whitespace))
            })?;
            ::rust_sitter::__private::extract_struct_or_variant(node, move |state| {
                Ok(Whitespace {
                    _whitespace: {
                        ::rust_sitter::__private::extract_field::<(), _>(
                            state,
                            source,
                            "_whitespace",
                            None,
                        )
                    }?,
                })
            })
        }
    }
    impl ::rust_sitter::rule::Rule<Whitespace> for Whitespace {
        fn produce_ast() -> String {
            String::new()
        }
        fn rule_name() -> &'static str {
            "Whitespace"
        }
    }
}
